<p>
	<h1>cats</h1>
</p>
<p>
	<ul class="alternate">
		<li>
			<strong>coding cat</strong>
		</li>
	</p>
	<p>
		<img src="https://media.giphy.com/media/JIX9t2j0ZTN9S/giphy.gif"/>
	</p>
	<p></ul>
</p>
<p>
	<ul class="alternate">
		<li>
			<strong>compiling cat</strong>
		</li>
	</p>
	<p>
		<img src="https://media.giphy.com/media/mlvseq9yvZhba/giphy.gif"/>
	</p>
	<p></ul>
</p>
<p>
	<ul class="alternate">
		<li>
			<strong>testing cat</strong>
		</li>
		</p>
	 <p>
		<img src="vscode-resource:_TEST_EXTENSION_PATH_PLACEHOLDER_/src/test/suite/fixtures/testfiles/media/testing_cat.gif"/>
	</p>
	<p></ul>
</p>